(69, 8.0, 10, 200) => 0.2264
(69, 8.0, 10, 1000) => 0.2213
(69, 8.0, 10, 3000) => 0.22
(69, 8.0, 1000, 200) => 0.3219
(69, 8.0, 1000, 1000) => 0.2846
(69, 8.0, 1000, 3000) => 0.2486
(69, 8.0, 1000000, 200) => 0.3466
(69, 8.0, 1000000, 1000) => 0.3509
(69, 8.0, 1000000, 3000) => 0.352
(69, 8.0, 1000000000, 200) => 0.3461
(69, 8.0, 1000000000, 1000) => 0.35
(69, 8.0, 1000000000, 3000) => 0.3508
(35, 8.0, 10, 200) => 0.2808
(35, 8.0, 10, 1000) => 0.2736
(35, 8.0, 10, 3000) => 0.2719
(35, 8.0, 1000, 200) => 0.427
(35, 8.0, 1000, 1000) => 0.364
(35, 8.0, 1000, 3000) => 0.3123
(35, 8.0, 1000000, 200) => 0.4695
(35, 8.0, 1000000, 1000) => 0.4753
(35, 8.0, 1000000, 3000) => 0.4765
(35, 8.0, 1000000000, 200) => 0.4689
(35, 8.0, 1000000000, 1000) => 0.4742
(35, 8.0, 1000000000, 3000) => 0.4752
