== validation (a=1): 71 722 7243 72539 726105
r=10 K=71 (10, 10, 20, 31) beta=0.085
r=100 K=722 (100, 108, 205, 309) beta=0.120
r=1000 K=7243 (1000, 1104, 2052, 3087) beta=0.138
r=10000 K=72539 (10000, 11157, 20520, 30862) beta=0.129
r=100000 K=726105 (100000, 112292, 205201, 308612) beta=0.127
== two-sided K_a
r=   10 eps=1.0 :  a=1.00 K=     71  a=0.80 K=     85  a=0.50 K=    123  a=0.25 K=    235
r=   10 eps=0.1 :  a=1.00 K=    185  a=0.80 K=    226  a=0.50 K=    349  a=0.25 K=    687
r=  100 eps=1.0 :  a=1.00 K=    722  a=0.80 K=    848  a=0.50 K=   1237  a=0.25 K=   2360
r=  100 eps=0.1 :  a=1.00 K=   1852  a=0.80 K=   2261  a=0.50 K=   3497  a=0.25 K=   6881
r= 1000 eps=1.0 :  a=1.00 K=   7243  a=0.80 K=   8497  a=0.50 K=  12393  a=0.25 K=  23610
r= 1000 eps=0.1 :  a=1.00 K=  18545  a=0.80 K=  22625  a=0.50 K=  34998  a=0.25 K=  68821
== gamma, chi2
eta=0.05 gamma=0.9024 chi2=0.00150 log(1/gamma)=0.1027
eta=0.10 gamma=0.8091 chi2=0.00734 log(1/gamma)=0.2118
eta=0.25 gamma=0.5500 chi2=0.10096 log(1/gamma)=0.5978
== sketched: K = Ksk(r, eps/2, eta), target eps*etaA/2, etaA=1e-6, d=K+1 (real)
r=   10 eps=1.0 eta=0.10  Kexact(eps)=     71 Ksk=    104 q=   59  SS s= 10115 m=   1820700 (m/K=17507)  SRHT M=   904543200 (M/K=8697531)
r=   10 eps=1.0 eta=0.25  Kexact(eps)=     71 Ksk=    143 q=   80  SS s=  5474 m=    399602 (m/K=2794)  SRHT M=   265918464 (M/K=1859570)
r=   10 eps=0.1 eta=0.10  Kexact(eps)=    185 Ksk=    355 q=   72  SS s= 12325 m=   4067250 (m/K=11457)  SRHT M=  1351382400 (M/K=3806711)
r=   10 eps=0.1 eta=0.25  Kexact(eps)=    185 Ksk=    512 q=  144  SS s=  9826 m=   1041556 (m/K=2034)  SRHT M=   861736320 (M/K=1683079)
r=  100 eps=1.0 eta=0.10  Kexact(eps)=    722 Ksk=   1045 q=   75  SS s= 12835 m=   9703260 (m/K=9285)  SRHT M=  1480593600 (M/K=1416836)
r=  100 eps=1.0 eta=0.25  Kexact(eps)=    722 Ksk=   1436 q=  274  SS s= 18666 m=   2575908 (m/K=1794)  SRHT M=  3118518144 (M/K=2171670)
r=  100 eps=0.1 eta=0.10  Kexact(eps)=   1852 Ksk=   3554 q=  112  SS s= 19125 m=  30619125 (m/K=8615)  SRHT M=  3328192800 (M/K=936464)
r=  100 eps=0.1 eta=0.25  Kexact(eps)=   1852 Ksk=   5127 q=  822  SS s= 55930 m=   8781010 (m/K=1713)  SRHT M= 28039689216 (M/K=5469025)
r= 1000 eps=1.0 eta=0.10  Kexact(eps)=   7243 Ksk=  10469 q=  182  SS s= 31025 m=  87769725 (m/K=8384)  SRHT M=  8811892800 (M/K=841713)
r= 1000 eps=1.0 eta=0.25  Kexact(eps)=   7243 Ksk=  14386 q= 2167  SS s=147390 m=  24319350 (m/K=1690)  SRHT M=194797630080 (M/K=13540778)
r= 1000 eps=0.1 eta=0.10  Kexact(eps)=  18545 Ksk=  35562 q=  458  SS s= 77945 m= 295489495 (m/K=8309)  SRHT M= 55138989600 (M/K=1550503)
r= 1000 eps=0.1 eta=0.25  Kexact(eps)=  18545 Ksk=  51300 q= 7554  SS s=513706 m=  86302608 (m/K=1682)  SRHT M=2366690548608 (M/K=46134319)
== SRHT best eta (r=100, eps=0.1, etaA=1e-6)
r=10 best SRHT M=637044433 eta=0.190 K=436 q=94 M/K^1.5=69974.5
r=100 best SRHT M=3297349227 eta=0.107 K=3611 q=120 M/K^1.5=15195.8
r=1000 best SRHT M=26104464000 eta=0.050 K=32134 q=150 M/K^1.5=4531.8
== chi-square-only scale K/eps^2 vs ours
r=10 eps=1.0 K=71 K/eps^2=71
r=10 eps=0.1 K=185 K/eps^2=18500
r=100 eps=1.0 K=722 K/eps^2=722
r=100 eps=0.1 K=1852 K/eps^2=185200
