n=400 D=2000 r=5  tr A/tau_r = 751.8
K=20 exact RP: E trR/tau = 1.1179
  m=  40 gauss  E trR_A/tau=1.1174 | path max chi2 V: median 0.260 | max|trB/trA-1| median 0.484 | decrease-bracket dev median 0.484 | reuse excess median 1.970 (K/(m-K-1)+1=2.053)
      per-step chi2 Var(x)/xbar^2 path-max median 0.0949 | sum log(1+chi2) median 1.122 | decrease-weight ratio dev path-max median 0.0477
  m=  40 sstack E trR_A/tau=1.1137 | path max chi2 V: median 0.262 | max|trB/trA-1| median 0.487 | decrease-bracket dev median 0.487 | reuse excess median 1.968 (K/(m-K-1)+1=2.053)
      per-step chi2 Var(x)/xbar^2 path-max median 0.0950 | sum log(1+chi2) median 1.103 | decrease-weight ratio dev path-max median 0.0452
  m=  80 gauss  E trR_A/tau=1.1176 | path max chi2 V: median 0.081 | max|trB/trA-1| median 0.252 | decrease-bracket dev median 0.257 | reuse excess median 1.329 (K/(m-K-1)+1=1.339)
      per-step chi2 Var(x)/xbar^2 path-max median 0.0336 | sum log(1+chi2) median 0.468 | decrease-weight ratio dev path-max median 0.0303
  m=  80 sstack E trR_A/tau=1.1187 | path max chi2 V: median 0.079 | max|trB/trA-1| median 0.250 | decrease-bracket dev median 0.255 | reuse excess median 1.325 (K/(m-K-1)+1=1.339)
      per-step chi2 Var(x)/xbar^2 path-max median 0.0333 | sum log(1+chi2) median 0.462 | decrease-weight ratio dev path-max median 0.0306
  m= 160 gauss  E trR_A/tau=1.1218 | path max chi2 V: median 0.028 | max|trB/trA-1| median 0.135 | decrease-bracket dev median 0.139 | reuse excess median 1.141 (K/(m-K-1)+1=1.144)
      per-step chi2 Var(x)/xbar^2 path-max median 0.0148 | sum log(1+chi2) median 0.215 | decrease-weight ratio dev path-max median 0.0230
  m= 160 sstack E trR_A/tau=1.1178 | path max chi2 V: median 0.028 | max|trB/trA-1| median 0.135 | decrease-bracket dev median 0.145 | reuse excess median 1.142 (K/(m-K-1)+1=1.144)
      per-step chi2 Var(x)/xbar^2 path-max median 0.0144 | sum log(1+chi2) median 0.209 | decrease-weight ratio dev path-max median 0.0205
K=40 exact RP: E trR/tau = 0.8299
  m=  80 gauss  E trR_A/tau=0.8295 | path max chi2 V: median 0.255 | max|trB/trA-1| median 0.491 | decrease-bracket dev median 0.492 | reuse excess median 1.971 (K/(m-K-1)+1=2.026)
      per-step chi2 Var(x)/xbar^2 path-max median 0.0484 | sum log(1+chi2) median 1.241 | decrease-weight ratio dev path-max median 0.0303
  m=  80 sstack E trR_A/tau=0.8306 | path max chi2 V: median 0.255 | max|trB/trA-1| median 0.493 | decrease-bracket dev median 0.493 | reuse excess median 1.977 (K/(m-K-1)+1=2.026)
      per-step chi2 Var(x)/xbar^2 path-max median 0.0483 | sum log(1+chi2) median 1.234 | decrease-weight ratio dev path-max median 0.0304
  m= 160 gauss  E trR_A/tau=0.8332 | path max chi2 V: median 0.070 | max|trB/trA-1| median 0.248 | decrease-bracket dev median 0.248 | reuse excess median 1.331 (K/(m-K-1)+1=1.336)
      per-step chi2 Var(x)/xbar^2 path-max median 0.0166 | sum log(1+chi2) median 0.508 | decrease-weight ratio dev path-max median 0.0210
  m= 160 sstack E trR_A/tau=0.8289 | path max chi2 V: median 0.069 | max|trB/trA-1| median 0.246 | decrease-bracket dev median 0.246 | reuse excess median 1.329 (K/(m-K-1)+1=1.336)
      per-step chi2 Var(x)/xbar^2 path-max median 0.0169 | sum log(1+chi2) median 0.513 | decrease-weight ratio dev path-max median 0.0213
  m= 320 gauss  E trR_A/tau=0.8291 | path max chi2 V: median 0.021 | max|trB/trA-1| median 0.126 | decrease-bracket dev median 0.127 | reuse excess median 1.142 (K/(m-K-1)+1=1.143)
      per-step chi2 Var(x)/xbar^2 path-max median 0.0074 | sum log(1+chi2) median 0.235 | decrease-weight ratio dev path-max median 0.0152
  m= 320 sstack E trR_A/tau=0.8307 | path max chi2 V: median 0.021 | max|trB/trA-1| median 0.126 | decrease-bracket dev median 0.127 | reuse excess median 1.143 (K/(m-K-1)+1=1.143)
      per-step chi2 Var(x)/xbar^2 path-max median 0.0076 | sum log(1+chi2) median 0.241 | decrease-weight ratio dev path-max median 0.0148
