# r=1 m=4000 a=0.5 H=3000.0   columns: K exact two upper lower  (upper-only closed form (1-K/m)/a at K=Kmax: 1.5)
1 1.4284 1.5891 1.7497 1.5891
2 1.2445 1.4626 1.7495 1.4626
3 1.1394 1.3631 1.7492 1.3631
4 1.0791 1.2849 1.7490 1.2849
6 1.0248 1.1750 1.7485 1.1750
8 1.0067 1.1070 1.7480 1.1070
12 0.9982 1.0386 1.7470 1.0386
16 0.9963 1.0120 1.7460 1.0120
24 0.9943 0.9965 1.7440 0.9965
32 0.9923 0.9926 1.7420 0.9926
48 0.9883 0.9883 1.7380 0.9883
64 0.9842 0.9843 1.7340 0.9843
96 0.9762 0.9763 1.7260 0.9763
128 0.9682 0.9683 1.7180 0.9683
192 0.9522 0.9522 1.7020 0.9522
256 0.9362 0.9362 1.6860 0.9362
384 0.9042 0.9042 1.6540 0.9042
512 0.8722 0.8722 1.6220 0.8722
768 0.8082 0.8082 1.5580 0.8082
1000 0.7502 0.7502 1.5000 0.7502
# r=4 m=4000 a=0.5 H=750.0   columns: K exact two upper lower  (upper-only closed form (1-K/m)/a at K=Kmax: 1.5)
1 1.6695 1.7096 1.7497 1.7096
2 1.5945 1.6706 1.7495 1.6706
3 1.5252 1.6330 1.7492 1.6330
4 1.4616 1.5968 1.7490 1.5968
6 1.3515 1.5287 1.7485 1.5287
8 1.2632 1.4662 1.7480 1.4662
12 1.1415 1.3580 1.7470 1.3580
16 1.0724 1.2706 1.7460 1.2706
24 1.0147 1.1481 1.7440 1.1481
32 0.9980 1.0760 1.7420 1.0760
48 0.9893 1.0121 1.7380 1.0121
64 0.9850 0.9912 1.7340 0.9912
96 0.9770 0.9774 1.7260 0.9774
128 0.9690 0.9690 1.7180 0.9690
192 0.9530 0.9530 1.7020 0.9530
256 0.9370 0.9370 1.6860 0.9370
384 0.9050 0.9050 1.6540 0.9050
512 0.8730 0.8730 1.6220 0.8730
768 0.8090 0.8090 1.5580 0.8090
1000 0.7510 0.7510 1.5000 0.7510
